[
  {
    "level": "error",
    "message": "markdown.service.import.failed",
    "fields": {
      "sync_action": "import",
      "error": "document_nil"
    }
  }
]
